// Jest Snapshot v1, https://goo.gl/fbAQLP

exports[`should match snapshot 1`] = `
<DocumentFragment>
  <div>
    "You've won!"
  </div>
</DocumentFragment>
`;

exports[`should toggle cell on click 1`] = `true`;
